\BOOKMARK [1][-]{section.1}{\376\377\000W\000h\000a\000t\000\040\000A\000g\000e\000n\000t\000I\000A\000\040\000i\000s}{}% 1
\BOOKMARK [1][-]{section.2}{\376\377\000H\000o\000w\000\040\000i\000t\000\040\000f\000u\000n\000c\000t\000i\000o\000n\000s}{}% 2
\BOOKMARK [2][-]{subsection.2.1}{\376\377\000T\000h\000e\000\040\000L\000a\000n\000g\000G\000r\000a\000p\000h\000\040\000h\000a\000r\000n\000e\000s\000s}{section.2}% 3
\BOOKMARK [2][-]{subsection.2.2}{\376\377\000T\000h\000e\000\040\000s\000t\000a\000g\000e\000\040\000e\000x\000e\000c\000u\000t\000i\000o\000n\000\040\000s\000e\000a\000m}{section.2}% 4
\BOOKMARK [2][-]{subsection.2.3}{\376\377\000T\000h\000e\000\040\000t\000w\000o\000\040\000g\000e\000n\000e\000r\000a\000t\000i\000o\000n\000\040\000m\000o\000d\000e\000s}{section.2}% 5
\BOOKMARK [2][-]{subsection.2.4}{\376\377\000T\000h\000e\000\040\000c\000o\000m\000p\000l\000i\000a\000n\000c\000e\000\040\000g\000a\000t\000e}{section.2}% 6
\BOOKMARK [2][-]{subsection.2.5}{\376\377\000T\000h\000e\000\040\000h\000o\000n\000e\000s\000t\000\040\000v\000e\000r\000i\000f\000i\000e\000r\000\040\000\050\000s\000p\000e\000c\000\040\0000\0001\0002\000\051}{section.2}% 7
\BOOKMARK [2][-]{subsection.2.6}{\376\377\000C\000o\000s\000t\000\040\000t\000r\000a\000c\000i\000n\000g\000\040\000\050\000s\000p\000e\000c\000\040\0000\0001\0003\000\051}{section.2}% 8
\BOOKMARK [2][-]{subsection.2.7}{\376\377\000T\000h\000e\000\040\000S\000k\000i\000l\000l\000O\000p\000t\000\040\000l\000o\000o\000p\000\040\000\050\000s\000p\000e\000c\000\040\0000\0001\0004\000\051}{section.2}% 9
\BOOKMARK [1][-]{section.3}{\376\377\000F\000e\000a\000t\000u\000r\000e\000s\000\040\000s\000h\000i\000p\000p\000e\000d}{}% 10
\BOOKMARK [1][-]{section.4}{\376\377\000T\000h\000e\000\040\000a\000g\000e\000n\000t\000\040\000s\000c\000r\000i\000p\000t\000s}{}% 11
\BOOKMARK [2][-]{subsection.4.1}{\376\377\000G\000e\000n\000e\000r\000a\000t\000i\000o\000n\000\040\000a\000n\000d\000\040\000m\000e\000a\000s\000u\000r\000e\000m\000e\000n\000t}{section.4}% 12
\BOOKMARK [2][-]{subsection.4.2}{\376\377\000S\000k\000i\000l\000l\000O\000p\000t}{section.4}% 13
\BOOKMARK [1][-]{section.5}{\376\377\000E\000c\000o\000n\000o\000m\000i\000c\000s\000:\000\040\000w\000h\000e\000r\000e\000\040\000t\000h\000e\000\040\000n\000u\000m\000b\000e\000r\000s\000\040\000l\000i\000v\000e}{}% 14
\BOOKMARK [1][-]{section.6}{\376\377\000H\000o\000w\000\040\000t\000o\000\040\000t\000e\000s\000t\000\040\000i\000t}{}% 15
\BOOKMARK [2][-]{subsection.6.1}{\376\377\000S\000t\000a\000r\000t\000\040\000b\000o\000t\000h\000\040\000h\000a\000l\000v\000e\000s}{section.6}% 16
\BOOKMARK [2][-]{subsection.6.2}{\376\377\000O\000n\000e\000\040\000r\000u\000n\000\040\000t\000h\000a\000t\000\040\000e\000x\000e\000r\000c\000i\000s\000e\000s\000\040\000t\000h\000e\000\040\000n\000e\000w\000e\000s\000t\000\040\000m\000a\000c\000h\000i\000n\000e\000r\000y}{section.6}% 17
\BOOKMARK [2][-]{subsection.6.3}{\376\377\000T\000w\000o\000\040\000h\000o\000s\000t\000-\000d\000e\000p\000e\000n\000d\000e\000n\000t\000\040\000b\000e\000h\000a\000v\000i\000o\000u\000r\000s\000\040\000t\000o\000\040\000e\000x\000p\000e\000c\000t}{section.6}% 18
\BOOKMARK [1][-]{section.7}{\376\377\000H\000o\000n\000e\000s\000t\000\040\000c\000u\000r\000r\000e\000n\000t\000\040\000l\000i\000m\000i\000t\000s}{}% 19
\BOOKMARK [1][-]{section.8}{\376\377\000N\000e\000x\000t\000\040\000s\000t\000e\000p\000s}{}% 20
\BOOKMARK [2][-]{subsection.8.1}{\376\377\000B\000e\000f\000o\000r\000e\000\040\000a\000n\000y\000t\000h\000i\000n\000g\000\040\000e\000l\000s\000e}{section.8}% 21
\BOOKMARK [2][-]{subsection.8.2}{\376\377\000S\000k\000i\000l\000l\000O\000p\000t\000\040\000d\000e\000s\000i\000g\000n\000\040\000i\000m\000p\000r\000o\000v\000e\000m\000e\000n\000t\000s}{section.8}% 22
\BOOKMARK [2][-]{subsection.8.3}{\376\377\000D\000o\000c\000u\000m\000e\000n\000t\000a\000t\000i\000o\000n}{section.8}% 23
